
> sumbandila-app@1.0.0 build
> vite build

[36mvite v7.3.1 [32mbuilding client environment for production...[36m[39m
transforming...
[32mÔ£ô[39m 1770 modules transformed.
Ô£ù Build failed in 2.71s
error during build:
Could not resolve "./SumbandilaAI" from "src/components/Dashboard/Dashboard.jsx"
file: C:/Users/rapha/OneDrive/Desktop/Sumbandila-app/src/components/Dashboard/Dashboard.jsx
    at getRollupError (file:///C:/Users/rapha/OneDrive/Desktop/Sumbandila-app/node_modules/rollup/dist/es/shared/parseAst.js:402:41)
    at error (file:///C:/Users/rapha/OneDrive/Desktop/Sumbandila-app/node_modules/rollup/dist/es/shared/parseAst.js:398:42)
    at ModuleLoader.handleInvalidResolvedId (file:///C:/Users/rapha/OneDrive/Desktop/Sumbandila-app/node_modules/rollup/dist/es/shared/node-entry.js:21687:24)
    at file:///C:/Users/rapha/OneDrive/Desktop/Sumbandila-app/node_modules/rollup/dist/es/shared/node-entry.js:21647:26
